product_id,product_name,product_category
220,Brand A T-Shirt,T-Shirt
222,Dri-FIT T-Shirt,T-Shirt
225,Brand N T-Shirt,T-Shirt
227,Casual Shoes,Shoes
228,Generic Running Shoes,Shoes