purchase_id,purchase_date,user_id,product_id,unit_price,quantity,total_revenue
1,2020-01-01,111,222,150.0,2,300.0
2,2020-01-01,101,225,75,1,75
3,2020-01-01,153,228,300,1,300